search bounds: min=3240.0 max=3780.0 (27 z-steps)
w_MSL=0.63, target_suboptimality=1.05, dominance_pruning=OFF, incumbent_pruning=ON, cache=ON, cap=30000 (2 runs, no retry)

initial incumbent (direct 216-edge level chain): valid=True edges=216 cost=21829.82

=== epsilon_search=1.2 (cap=30000, target_suboptimality=1.05) ===
  status=search_limit_reached wall=27.09s runtime=27.08s expanded=30000 max_open=3303 cache_hit_rate=0.969
  reopened_states=26649  reopen_ratio=0.8883
  initial_incumbent_cost=21829.82  final_incumbent_cost=21829.82  incumbent_updates=0  incumbent_pruned_candidates=115961
  first_solution_found=False  first_solution_cost=inf  first_solution_expanded=n/a  first_solution_runtime=nan
  current_lower_bound=19716.80  final_bound_ratio=1.1072
  bounded_termination_triggered=False
  >> No internal complete solution found within this cap.

=== epsilon_search=1.1 (cap=30000, target_suboptimality=1.05) ===
  status=search_limit_reached wall=41.26s runtime=41.20s expanded=30000 max_open=108341 cache_hit_rate=0.981
  reopened_states=28488  reopen_ratio=0.9496
  initial_incumbent_cost=21829.82  final_incumbent_cost=21668.85  incumbent_updates=57  incumbent_pruned_candidates=104607
  first_solution_found=True  first_solution_cost=21688.4575440296  first_solution_expanded=685  first_solution_runtime=6.467087999997602
  current_lower_bound=19758.88  final_bound_ratio=1.0967
  bounded_termination_triggered=False
  >> Solution found but %5 certificate not reached. Certified gap ~= %9.67 (incumbent=21668.85, LB=19758.88).

=== COMPARISON TABLE ===
  eps              status expanded  runtime max_open  reopened  reopen%  1st_sol  incumbent         LB   ratio
  1.5 search_limit_reached    30000    12.99     1061     26714    89.0%       no   21829.82   19716.80  1.1072
  1.2 search_limit_reached    30000    27.08     3303     26649    88.8%       no   21829.82   19716.80  1.1072
  1.1 search_limit_reached    30000    41.20   108341     28488    95.0%      yes   21668.85   19758.88  1.0967
